// Jest Snapshot v1, https://goo.gl/fbAQLP

exports[`BookListItem It matches the snapshot 1`] = `
<div
  class="book-list-item"
>
  <img
    alt="Book image"
    src=""
  />
  <div>
    <h3
      class="item-param"
      data-testid="title"
    >
      This Is My Book
    </h3>
    <span
      class="item-param"
      data-testid="subtitle"
    >
      I Am Subtitle
    </span>
  </div>
</div>
`;
