// Jest Snapshot v1, https://goo.gl/fbAQLP

exports[`BookListItem It matches the snapshot 1`] = `
<div
  class="book-list-item"
>
  <img
    alt="Book"
    class="img-rounded book-list-item__img"
    src=""
    width="64"
  />
  <div>
    <h4
      class="book-list-item__param"
      data-testid="title"
    >
      This Is My Book
    </h4>
    <p
      class="book-list-item__param lead"
      data-testid="subtitle"
    >
      I Am Subtitle
    </p>
  </div>
</div>
`;
